skills/image-edit/scripts/image-edit.ts(10,4): error TS2561: Object literal may only specify known properties, but 'images' does not exist in type 'CreateImageEditBody'. Did you mean to write 'image'?
skills/stock-analysis-skill/src/analyzer.ts(253,11): error TS2322: Type '({ type: string; image: { type: "base64"; data: string; mediaType: "image/png"; url?: undefined; } | { type: "url"; url: string; data?: undefined; mediaType?: undefined; }; } | { type: string; text: string; })[]' is not assignable to type 'string'.
src/app/page.tsx(339,30): error TS2554: Expected 1 arguments, but got 0.
src/app/page.tsx(1458,30): error TS2339: Property 'offsetWidth' does not exist on type 'Element'.
src/app/services/page.tsx(777,27): error TS2322: Type '{ children: string; className: string; }' is not assignable to type 'IntrinsicAttributes & { children: ReactNode; }'.
  Property 'className' does not exist on type 'IntrinsicAttributes & { children: ReactNode; }'.
src/components/Navbar.tsx(110,42): error TS2339: Property 'map' does not exist on type '{}'.
src/components/Navbar.tsx(224,38): error TS2339: Property 'map' does not exist on type '{}'.
src/data/services-data.ts(3400,9): error TS2353: Object literal may only specify known properties, and 'previous' does not exist in type '{ before: string; after: string; }'.
